[highline.huffingtonpost.com/articles/en/poor-millennials/index.html]
[backblue.gif]
[fade.gif]
[index.html]
[highline.huffingtonpost.com/articles/en/poor-millennials/media/images/Avo_facebook.png]
[highline.huffingtonpost.com/articles/en/poor-millennials/media/images/Avo_twitter.png]
[code.jquery.com/jquery-2.2.4.min.js]
[s.yimg.com/ss/rapid-3.44.1.js]
[o.aolcdn.com/os/aol/beacon.min.js]
[highline.huffingtonpost.com/articles/en/poor-millennials/css/main.css]
[connect.facebook.net/en_US/sdk.js]
[connect.facebook.net/en_US/fbevents.js]
[highline.huffingtonpost.com/articles/en/poor-millennials/media/images/highline.png]
[highline.huffingtonpost.com/articles/en/poor-millennials/media/images/exclamation.png]
[highline.huffingtonpost.com/articles/en/poor-millennials/media/images/opener-1200.gif]
[highline.huffingtonpost.com/articles/en/poor-millennials/media/images/horizontal-scroll/horz-one.svg]
[highline.huffingtonpost.com/articles/en/poor-millennials/media/images/horizontal-scroll/horz-two.svg]
[highline.huffingtonpost.com/articles/en/poor-millennials/media/images/horizontal-scroll/horz-three.svg]
[highline.huffingtonpost.com/articles/en/poor-millennials/media/images/horizontal-scroll/horz-four.svg]
[highline.huffingtonpost.com/articles/en/poor-millennials/media/images/ftw-fallback.svg]
[highline.huffingtonpost.com/articles/en/poor-millennials/media/images/dropcap-w.svg]
[highline.huffingtonpost.com/articles/en/poor-millennials/media/images/instagram-posts/insta-1.png]
[highline.huffingtonpost.com/articles/en/poor-millennials/media/images/instagram-posts/insta-2.png]
[highline.huffingtonpost.com/articles/en/poor-millennials/media/images/instagram-posts/insta-3.png]
[highline.huffingtonpost.com/articles/en/poor-millennials/media/images/instagram-posts/insta-4.png]
[highline.huffingtonpost.com/articles/en/poor-millennials/media/images/instagram-posts/insta-5.png]
[highline.huffingtonpost.com/articles/en/poor-millennials/media/images/instagram-posts/insta-6.png]
[highline.huffingtonpost.com/articles/en/poor-millennials/media/images/instagram-posts/insta-7.png]
[highline.huffingtonpost.com/articles/en/poor-millennials/media/images/instagram-posts/insta-8.png]
[highline.huffingtonpost.com/articles/en/poor-millennials/media/images/instagram-posts/insta-9.png]
[highline.huffingtonpost.com/articles/en/poor-millennials/media/images/instagram-posts/insta-10.png]
[highline.huffingtonpost.com/articles/en/poor-millennials/media/images/instagram-posts/insta-11.png]
[highline.huffingtonpost.com/articles/en/poor-millennials/media/images/instagram-posts/insta-12.png]
[highline.huffingtonpost.com/articles/en/poor-millennials/media/images/instagram-posts/insta-13.png]
[highline.huffingtonpost.com/articles/en/poor-millennials/media/images/instagram-posts/insta-14.png]
[highline.huffingtonpost.com/articles/en/poor-millennials/media/images/stretch-text.svg]
[highline.huffingtonpost.com/articles/en/poor-millennials/media/images/boomer-hours.svg]
[highline.huffingtonpost.com/articles/en/poor-millennials/media/images/millennial-hours.svg]
[highline.huffingtonpost.com/articles/en/poor-millennials/media/images/popup-ads/appendix.png]
[highline.huffingtonpost.com/articles/en/poor-millennials/media/images/popup-ads/congrats.png]
[highline.huffingtonpost.com/articles/en/poor-millennials/media/images/popup-ads/leftovers.png]
[highline.huffingtonpost.com/articles/en/poor-millennials/media/images/popup-ads/work-from-home.png]
[highline.huffingtonpost.com/articles/en/poor-millennials/media/images/boomer-roi.svg]
[highline.huffingtonpost.com/articles/en/poor-millennials/media/images/millennial-roi.svg]
[highline.huffingtonpost.com/articles/en/poor-millennials/media/images/section2-skull.svg]
[highline.huffingtonpost.com/articles/en/poor-millennials/media/images/avo-bars.svg]
[highline.huffingtonpost.com/articles/en/poor-millennials/media/images/section2-insta.jpg]
[highline.huffingtonpost.com/articles/en/poor-millennials/media/images/rip/6.svg]
[highline.huffingtonpost.com/articles/en/poor-millennials/media/images/rip/5.svg]
[highline.huffingtonpost.com/articles/en/poor-millennials/media/images/rip/4.svg]
[highline.huffingtonpost.com/articles/en/poor-millennials/media/images/rip/3.svg]
[highline.huffingtonpost.com/articles/en/poor-millennials/media/images/rip/2.svg]
[highline.huffingtonpost.com/articles/en/poor-millennials/media/images/rip/1.svg]
[highline.huffingtonpost.com/articles/en/poor-millennials/media/images/city/1.png]
[highline.huffingtonpost.com/articles/en/poor-millennials/media/images/city/2.png]
[highline.huffingtonpost.com/articles/en/poor-millennials/media/images/city/3.png]
[highline.huffingtonpost.com/articles/en/poor-millennials/media/images/city/7.png]
[highline.huffingtonpost.com/articles/en/poor-millennials/media/images/city/full-city.png]
[highline.huffingtonpost.com/articles/en/poor-millennials/media/images/mcmansion/3-car-garage-r.png]
[highline.huffingtonpost.com/articles/en/poor-millennials/media/images/mcmansion/ceiling.png]
[highline.huffingtonpost.com/articles/en/poor-millennials/media/images/mcmansion/fancy-dog.png]
[highline.huffingtonpost.com/articles/en/poor-millennials/media/images/mcmansion/inflatable-pool.png]
[highline.huffingtonpost.com/articles/en/poor-millennials/media/images/mcmansion/left-outcrop-l.png]
[highline.huffingtonpost.com/articles/en/poor-millennials/media/images/mcmansion/tower.png]
[highline.huffingtonpost.com/articles/en/poor-millennials/media/images/mcmansion/house.png]
[highline.huffingtonpost.com/articles/en/poor-millennials/media/images/mcmansion/garden.png]
[highline.huffingtonpost.com/articles/en/poor-millennials/media/images/mcmansion/lawn.jpg]
[highline.huffingtonpost.com/articles/en/poor-millennials/media/images/lol/lol-shade.png]
[highline.huffingtonpost.com/articles/en/poor-millennials/media/images/lol/everything-shade.png]
[highline.huffingtonpost.com/articles/en/poor-millennials/media/images/lol/matters-shade.png]
[highline.huffingtonpost.com/articles/en/poor-millennials/media/images/section-four-stats.svg]
[highline.huffingtonpost.com/articles/en/poor-millennials/media/images/recirculation/01_Guns.jpg]
[highline.huffingtonpost.com/articles/en/poor-millennials/media/images/recirculation/02_GayLoneliness.jpg]
[highline.huffingtonpost.com/articles/en/poor-millennials/media/images/recirculation/03_AltRight.jpg]
[highline.huffingtonpost.com/articles/en/poor-millennials/media/images/recirculation/04_Refugees.jpg]
[cdnjs.cloudflare.com/ajax/libs/three.js/87/three.js]
[highline.huffingtonpost.com/articles/en/poor-millennials/index.html]
[highline.huffingtonpost.com/articles/en/poor-millennials/js/main.js]
[highline.huffingtonpost.com/articles/en/poor-millennials/media/fonts/gentium-book-basic/gentium-book-basic-v7-latin-regular.eot]
[highline.huffingtonpost.com/articles/en/poor-millennials/media/fonts/gentium-book-basic/gentium-book-basic-v7-latin-regulard41d.eot]
[highline.huffingtonpost.com/articles/en/poor-millennials/media/fonts/gentium-book-basic/gentium-book-basic-v7-latin-regular.woff2]
[highline.huffingtonpost.com/articles/en/poor-millennials/media/fonts/gentium-book-basic/gentium-book-basic-v7-latin-regular.woff]
[highline.huffingtonpost.com/articles/en/poor-millennials/media/fonts/gentium-book-basic/gentium-book-basic-v7-latin-regular.ttf]
[highline.huffingtonpost.com/articles/en/poor-millennials/media/fonts/gentium-book-basic/gentium-book-basic-v7-latin-regular.svg]
[highline.huffingtonpost.com/articles/en/poor-millennials/media/fonts/gentium-book-basic/gentium-book-basic-v7-latin-italic.eot]
[highline.huffingtonpost.com/articles/en/poor-millennials/media/fonts/gentium-book-basic/gentium-book-basic-v7-latin-italicd41d.eot]
[highline.huffingtonpost.com/articles/en/poor-millennials/media/fonts/gentium-book-basic/gentium-book-basic-v7-latin-italic.woff2]
[highline.huffingtonpost.com/articles/en/poor-millennials/media/fonts/gentium-book-basic/gentium-book-basic-v7-latin-italic.woff]
[highline.huffingtonpost.com/articles/en/poor-millennials/media/fonts/gentium-book-basic/gentium-book-basic-v7-latin-italic.ttf]
[highline.huffingtonpost.com/articles/en/poor-millennials/media/fonts/gentium-book-basic/gentium-book-basic-v7-latin-italic.svg]
[highline.huffingtonpost.com/articles/en/poor-millennials/media/fonts/gentium-book-basic/gentium-book-basic-v7-latin-700.eot]
[highline.huffingtonpost.com/articles/en/poor-millennials/media/fonts/gentium-book-basic/gentium-book-basic-v7-latin-700d41d.eot]
[highline.huffingtonpost.com/articles/en/poor-millennials/media/fonts/gentium-book-basic/gentium-book-basic-v7-latin-700.woff2]
[highline.huffingtonpost.com/articles/en/poor-millennials/media/fonts/gentium-book-basic/gentium-book-basic-v7-latin-700.woff]
[highline.huffingtonpost.com/articles/en/poor-millennials/media/fonts/gentium-book-basic/gentium-book-basic-v7-latin-700.ttf]
[highline.huffingtonpost.com/articles/en/poor-millennials/media/fonts/gentium-book-basic/gentium-book-basic-v7-latin-700.svg]
[highline.huffingtonpost.com/articles/en/poor-millennials/media/fonts/gentium-book-basic/gentium-book-basic-v7-latin-700italic.eot]
[highline.huffingtonpost.com/articles/en/poor-millennials/media/fonts/gentium-book-basic/gentium-book-basic-v7-latin-700italicd41d.eot]
[highline.huffingtonpost.com/articles/en/poor-millennials/media/fonts/gentium-book-basic/gentium-book-basic-v7-latin-700italic.woff2]
[highline.huffingtonpost.com/articles/en/poor-millennials/media/fonts/gentium-book-basic/gentium-book-basic-v7-latin-700italic.woff]
[highline.huffingtonpost.com/articles/en/poor-millennials/media/fonts/gentium-book-basic/gentium-book-basic-v7-latin-700italic.ttf]
[highline.huffingtonpost.com/articles/en/poor-millennials/media/fonts/gentium-book-basic/gentium-book-basic-v7-latin-700italic.svg]
[highline.huffingtonpost.com/articles/en/poor-millennials/media/fonts/open-sans/open-sans-v13-latin-regular.eot]
[highline.huffingtonpost.com/articles/en/poor-millennials/media/fonts/open-sans/open-sans-v13-latin-regulard41d.eot]
[highline.huffingtonpost.com/articles/en/poor-millennials/media/fonts/open-sans/open-sans-v13-latin-regular.woff2]
[highline.huffingtonpost.com/articles/en/poor-millennials/media/fonts/open-sans/open-sans-v13-latin-regular.woff]
[highline.huffingtonpost.com/articles/en/poor-millennials/media/fonts/open-sans/open-sans-v13-latin-regular.ttf]
[highline.huffingtonpost.com/articles/en/poor-millennials/media/fonts/open-sans/open-sans-v13-latin-regular.svg]
[highline.huffingtonpost.com/articles/en/poor-millennials/media/fonts/open-sans/open-sans-v13-latin-700d41d.eot]
[highline.huffingtonpost.com/articles/en/poor-millennials/media/fonts/open-sans/open-sans-v13-latin-700.woff2]
[highline.huffingtonpost.com/articles/en/poor-millennials/media/fonts/open-sans/open-sans-v13-latin-700.woff]
[highline.huffingtonpost.com/articles/en/poor-millennials/media/fonts/open-sans/open-sans-v13-latin-700.ttf]
[highline.huffingtonpost.com/articles/en/poor-millennials/media/fonts/open-sans/open-sans-v13-latin-700.svg]
[highline.huffingtonpost.com/articles/en/poor-millennials/media/fonts/open-sans/opensans-extrabold-webfont.woff2]
[highline.huffingtonpost.com/articles/en/poor-millennials/media/fonts/open-sans/opensans-extrabold-webfont.woff]
[highline.huffingtonpost.com/articles/en/poor-millennials/media/fonts/droid-sans/droid-sans-v6-latin-700.eot]
[highline.huffingtonpost.com/articles/en/poor-millennials/media/fonts/droid-sans/droid-sans-v6-latin-700d41d.eot]
[highline.huffingtonpost.com/articles/en/poor-millennials/media/fonts/droid-sans/droid-sans-v6-latin-700.woff2]
[highline.huffingtonpost.com/articles/en/poor-millennials/media/fonts/droid-sans/droid-sans-v6-latin-700.woff]
[highline.huffingtonpost.com/articles/en/poor-millennials/media/fonts/droid-sans/droid-sans-v6-latin-700.ttf]
[highline.huffingtonpost.com/articles/en/poor-millennials/media/fonts/droid-sans/droid-sans-v6-latin-700.svg]
[highline.huffingtonpost.com/articles/en/poor-millennials/media/fonts/highline-icons/icomoon1b1a.eot]
[highline.huffingtonpost.com/articles/en/poor-millennials/media/fonts/highline-icons/icomoon1b1a.ttf]
[highline.huffingtonpost.com/articles/en/poor-millennials/media/fonts/highline-icons/icomoon1b1a.woff]
[highline.huffingtonpost.com/articles/en/poor-millennials/media/fonts/highline-icons/icomoon1b1a.svg]
[highline.huffingtonpost.com/articles/en/poor-millennials/media/fonts/crimson/crimson-text-v6-latin-regular.woff2]
[highline.huffingtonpost.com/articles/en/poor-millennials/media/fonts/crimson/crimson-text-v6-latin-regular.woff]
[highline.huffingtonpost.com/articles/en/poor-millennials/media/fonts/crimson/crimson-text-v6-latin-italic.woff2]
[highline.huffingtonpost.com/articles/en/poor-millennials/media/fonts/crimson/crimson-text-v6-latin-italic.woff]
[highline.huffingtonpost.com/articles/en/poor-millennials/media/fonts/crimson/crimson-text-v6-latin-600.woff2]
[highline.huffingtonpost.com/articles/en/poor-millennials/media/fonts/crimson/crimson-text-v6-latin-600.woff]
[highline.huffingtonpost.com/articles/en/poor-millennials/media/fonts/crimson/crimson-text-v6-latin-600italic.woff2]
[highline.huffingtonpost.com/articles/en/poor-millennials/media/fonts/crimson/crimson-text-v6-latin-600italic.woff]
[highline.huffingtonpost.com/articles/en/poor-millennials/media/fonts/crimson/crimson-text-v6-latin-700.woff2]
[highline.huffingtonpost.com/articles/en/poor-millennials/media/fonts/crimson/crimson-text-v6-latin-700.woff]
[highline.huffingtonpost.com/articles/en/poor-millennials/media/fonts/crimson/crimson-text-v6-latin-700italic.woff2]
[highline.huffingtonpost.com/articles/en/poor-millennials/media/fonts/crimson/crimson-text-v6-latin-700italic.woff]
[highline.huffingtonpost.com/articles/en/poor-millennials/media/fonts/simplon-mono/simplon-mono-regulard41d.eot]
[highline.huffingtonpost.com/articles/en/poor-millennials/media/fonts/simplon-mono/simplon-mono-regular.woff]
[highline.huffingtonpost.com/articles/en/poor-millennials/media/fonts/simplon-mono/simplon-mono-regular.ttf]
[highline.huffingtonpost.com/articles/en/poor-millennials/media/fonts/simplon-mono/simplon-mono-bold.woff]
[highline.huffingtonpost.com/articles/en/poor-millennials/media/fonts/simplon-mono/simplon-mono-bold.ttf]
[highline.huffingtonpost.com/articles/en/poor-millennials/media/fonts/walsheim/GTWalsheim-RegularObliqued41d.eot]
[highline.huffingtonpost.com/articles/en/poor-millennials/media/fonts/walsheim/GTWalsheim-RegularOblique.woff]
[highline.huffingtonpost.com/articles/en/poor-millennials/media/fonts/walsheim/GTWalsheim-RegularOblique.ttf]
[highline.huffingtonpost.com/articles/en/poor-millennials/media/fonts/walsheim/GT-Walsheim-Regulard41d.eot]
[highline.huffingtonpost.com/articles/en/poor-millennials/media/fonts/walsheim/GT-Walsheim-Regular.woff]
[highline.huffingtonpost.com/articles/en/poor-millennials/media/fonts/walsheim/GT-Walsheim-Regular.ttf]
[highline.huffingtonpost.com/articles/en/poor-millennials/media/fonts/walsheim/GT-Walsheim-Mediumd41d.eot]
[highline.huffingtonpost.com/articles/en/poor-millennials/media/fonts/walsheim/GT-Walsheim-Medium.woff]
[highline.huffingtonpost.com/articles/en/poor-millennials/media/fonts/walsheim/GT-Walsheim-Medium.ttf]
[highline.huffingtonpost.com/articles/en/poor-millennials/media/fonts/walsheim/GT-Walsheim-Bold-Obliqued41d.eot]
[highline.huffingtonpost.com/articles/en/poor-millennials/media/fonts/walsheim/GT-Walsheim-Bold-Oblique.woff]
[highline.huffingtonpost.com/articles/en/poor-millennials/media/fonts/walsheim/GT-Walsheim-Bold-Oblique.ttf]
[highline.huffingtonpost.com/articles/en/poor-millennials/media/fonts/walsheim/GT-Walsheim-Boldd41d.eot]
[highline.huffingtonpost.com/articles/en/poor-millennials/media/fonts/walsheim/GT-Walsheim-Bold.woff]
[highline.huffingtonpost.com/articles/en/poor-millennials/media/fonts/walsheim/GT-Walsheim-Bold.ttf]
[highline.huffingtonpost.com/articles/en/poor-millennials/media/fonts/oswald/oswald-v10-latin-300d41d.eot]
[highline.huffingtonpost.com/articles/en/poor-millennials/media/fonts/oswald/oswald-v10-latin-300.woff2]
[highline.huffingtonpost.com/articles/en/poor-millennials/media/fonts/oswald/oswald-v10-latin-300.woff]
[highline.huffingtonpost.com/articles/en/poor-millennials/media/fonts/oswald/oswald-v10-latin-300.ttf]
[highline.huffingtonpost.com/articles/en/poor-millennials/media/fonts/oswald/oswald-v10-latin-300.svg]
[highline.huffingtonpost.com/articles/en/poor-millennials/media/fonts/oswald/oswald-v10-latin-regular.eot]
[highline.huffingtonpost.com/articles/en/poor-millennials/media/fonts/oswald/oswald-v10-latin-regulard41d.eot]
[highline.huffingtonpost.com/articles/en/poor-millennials/media/fonts/oswald/oswald-v10-latin-regular.woff2]
[highline.huffingtonpost.com/articles/en/poor-millennials/media/fonts/oswald/oswald-v10-latin-regular.woff]
[highline.huffingtonpost.com/articles/en/poor-millennials/media/fonts/oswald/oswald-v10-latin-regular.ttf]
[highline.huffingtonpost.com/articles/en/poor-millennials/media/fonts/oswald/oswald-v10-latin-regular.svg]
[highline.huffingtonpost.com/articles/en/poor-millennials/media/fonts/oswald/oswald-v10-latin-700.eot]
[highline.huffingtonpost.com/articles/en/poor-millennials/media/fonts/oswald/oswald-v10-latin-700d41d.eot]
[highline.huffingtonpost.com/articles/en/poor-millennials/media/fonts/oswald/oswald-v10-latin-700.woff2]
[highline.huffingtonpost.com/articles/en/poor-millennials/media/fonts/oswald/oswald-v10-latin-700.woff]
[highline.huffingtonpost.com/articles/en/poor-millennials/media/fonts/oswald/oswald-v10-latin-700.ttf]
[highline.huffingtonpost.com/articles/en/poor-millennials/media/fonts/oswald/oswald-v10-latin-700.svg]
[highline.huffingtonpost.com/articles/en/poor-millennials/media/fonts/roboto/roboto-v15-latin-100.eot]
[highline.huffingtonpost.com/articles/en/poor-millennials/media/fonts/roboto/roboto-v15-latin-100d41d.eot]
[highline.huffingtonpost.com/articles/en/poor-millennials/media/fonts/roboto/roboto-v15-latin-100.woff2]
[highline.huffingtonpost.com/articles/en/poor-millennials/media/fonts/roboto/roboto-v15-latin-100.woff]
[highline.huffingtonpost.com/articles/en/poor-millennials/media/fonts/roboto/roboto-v15-latin-100.ttf]
[highline.huffingtonpost.com/articles/en/poor-millennials/media/fonts/roboto/roboto-v15-latin-100.svg]
[highline.huffingtonpost.com/articles/en/poor-millennials/media/fonts/roboto/roboto-v15-latin-300.eot]
[highline.huffingtonpost.com/articles/en/poor-millennials/media/fonts/roboto/roboto-v15-latin-300d41d.eot]
[highline.huffingtonpost.com/articles/en/poor-millennials/media/fonts/roboto/roboto-v15-latin-300.woff2]
[highline.huffingtonpost.com/articles/en/poor-millennials/media/fonts/roboto/roboto-v15-latin-300.woff]
[highline.huffingtonpost.com/articles/en/poor-millennials/media/fonts/roboto/roboto-v15-latin-300.ttf]
[highline.huffingtonpost.com/articles/en/poor-millennials/media/fonts/roboto/roboto-v15-latin-300.svg]
[highline.huffingtonpost.com/articles/en/poor-millennials/media/fonts/roboto/roboto-v15-latin-regular.eot]
[highline.huffingtonpost.com/articles/en/poor-millennials/media/fonts/roboto/roboto-v15-latin-regulard41d.eot]
[highline.huffingtonpost.com/articles/en/poor-millennials/media/fonts/roboto/roboto-v15-latin-regular.woff2]
[highline.huffingtonpost.com/articles/en/poor-millennials/media/fonts/roboto/roboto-v15-latin-regular.woff]
[highline.huffingtonpost.com/articles/en/poor-millennials/media/fonts/roboto/roboto-v15-latin-regular.ttf]
[highline.huffingtonpost.com/articles/en/poor-millennials/media/fonts/roboto/roboto-v15-latin-regular.svg]
[highline.huffingtonpost.com/articles/en/poor-millennials/media/fonts/roboto/roboto-v15-latin-700d41d.eot]
[highline.huffingtonpost.com/articles/en/poor-millennials/media/fonts/roboto/roboto-v15-latin-700.woff2]
[highline.huffingtonpost.com/articles/en/poor-millennials/media/fonts/roboto/roboto-v15-latin-700.woff]
[highline.huffingtonpost.com/articles/en/poor-millennials/media/fonts/roboto/roboto-v15-latin-700.ttf]
[highline.huffingtonpost.com/articles/en/poor-millennials/media/fonts/roboto/roboto-v15-latin-700.svg]
[highline.huffingtonpost.com/articles/en/poor-millennials/media/images/fence/fence.svg]
[highline.huffingtonpost.com/articles/en/poor-millennials/media/images/loader.gif]
[highline.huffingtonpost.com/articles/en/poor-millennials/media/images/horizontal-scroll/particle-1.svg]
[highline.huffingtonpost.com/articles/en/poor-millennials/media/images/horizontal-scroll/particle-5.svg]
[highline.huffingtonpost.com/articles/en/poor-millennials/media/images/horizontal-scroll/particle-6.svg]
[highline.huffingtonpost.com/articles/en/poor-millennials/media/images/horizontal-scroll/particle-2.svg]
[highline.huffingtonpost.com/articles/en/poor-millennials/media/images/horizontal-scroll/particle-3.svg]
[highline.huffingtonpost.com/articles/en/poor-millennials/media/images/horizontal-scroll/particle-4.svg]
[highline.huffingtonpost.com/articles/en/poor-millennials/media/images/house-trap/speckles-grey.svg]
[highline.huffingtonpost.com/articles/en/poor-millennials/media/images/house-trap/house.png]
[highline.huffingtonpost.com/articles/en/poor-millennials/media/images/house-trap/wink.png]
[highline.huffingtonpost.com/articles/en/poor-millennials/media/images/house-trap/sun.png]
[highline.huffingtonpost.com/articles/en/poor-millennials/media/images/house-trap/rainbow.png]
[highline.huffingtonpost.com/articles/en/poor-millennials/media/images/sky-fall/cloud-1.png]
[highline.huffingtonpost.com/articles/en/poor-millennials/media/images/sky-fall/cloud-2.png]
[highline.huffingtonpost.com/articles/en/poor-millennials/media/images/sky-fall/cloud-3.png]
[highline.huffingtonpost.com/articles/en/poor-millennials/media/images/sky-fall/cloud-4.png]
[highline.huffingtonpost.com/articles/en/poor-millennials/media/images/sky-fall/speed-lines.png]
[highline.huffingtonpost.com/articles/en/poor-millennials/media/images/sprites/becky-push.png]
[highline.huffingtonpost.com/articles/en/poor-millennials/media/images/avocado/avocado.png]
[highline.huffingtonpost.com/articles/en/poor-millennials/media/images/city/flashing.gif]
[highline.huffingtonpost.com/articles/en/poor-millennials/media/images/city/18.png]
[highline.huffingtonpost.com/articles/en/poor-millennials/media/images/city/17.png]
[highline.huffingtonpost.com/articles/en/poor-millennials/media/images/city/16.png]
[highline.huffingtonpost.com/articles/en/poor-millennials/media/images/city/15.png]
[highline.huffingtonpost.com/articles/en/poor-millennials/media/images/city/14.png]
[highline.huffingtonpost.com/articles/en/poor-millennials/media/images/city/13.png]
[highline.huffingtonpost.com/articles/en/poor-millennials/media/images/city/12.png]
[highline.huffingtonpost.com/articles/en/poor-millennials/media/images/city/11.png]
[highline.huffingtonpost.com/articles/en/poor-millennials/media/images/city/10.png]
[highline.huffingtonpost.com/articles/en/poor-millennials/media/images/city/9.png]
[highline.huffingtonpost.com/articles/en/poor-millennials/media/images/city/8.png]
[highline.huffingtonpost.com/articles/en/poor-millennials/media/images/city/6.png]
[highline.huffingtonpost.com/articles/en/poor-millennials/media/images/city/5.png]
[highline.huffingtonpost.com/articles/en/poor-millennials/media/images/city/4.png]
[highline.huffingtonpost.com/articles/en/poor-millennials/media/images/city/h9.png]
[highline.huffingtonpost.com/articles/en/poor-millennials/media/images/city/h8.png]
[highline.huffingtonpost.com/articles/en/poor-millennials/media/images/city/h7.png]
[highline.huffingtonpost.com/articles/en/poor-millennials/media/images/city/h6.png]
[highline.huffingtonpost.com/articles/en/poor-millennials/media/images/city/h5.png]
[highline.huffingtonpost.com/articles/en/poor-millennials/media/images/city/h4.png]
[highline.huffingtonpost.com/articles/en/poor-millennials/media/images/city/h3.png]
[highline.huffingtonpost.com/articles/en/poor-millennials/media/images/city/h2.png]
[highline.huffingtonpost.com/articles/en/poor-millennials/media/images/city/h1.png]
[highline.huffingtonpost.com/articles/en/poor-millennials/media/images/fence/evil-gran.png]
[highline.huffingtonpost.com/articles/en/poor-millennials/media/images/appartment/x.png]
[highline.huffingtonpost.com/articles/en/poor-millennials/media/images/appartment/gran.png]
[highline.huffingtonpost.com/articles/en/poor-millennials/media/images/appartment/condo-top.png]
[highline.huffingtonpost.com/articles/en/poor-millennials/media/images/appartment/condo-bottom.png]
[highline.huffingtonpost.com/articles/en/poor-millennials/media/images/appartment/tag1.png]
[highline.huffingtonpost.com/articles/en/poor-millennials/media/images/appartment/tag2.png]
[highline.huffingtonpost.com/articles/en/poor-millennials/media/images/appartment/tag3.png]
[highline.huffingtonpost.com/articles/en/poor-millennials/media/images/appartment/tag4.png]
[highline.huffingtonpost.com/articles/en/poor-millennials/media/images/appartment/tag5.png]
[highline.huffingtonpost.com/articles/en/poor-millennials/media/images/appartment/line.png]
[highline.huffingtonpost.com/articles/en/poor-millennials/media/images/appartment/scissors.png]
[highline.huffingtonpost.com/articles/en/poor-millennials/media/images/appartment/appartment.png]
[highline.huffingtonpost.com/articles/en/poor-millennials/media/images/boss-battle/pixels-pink.png]
[highline.huffingtonpost.com/articles/en/poor-millennials/media/images/boss-battle/pixels-blue.png]
[highline.huffingtonpost.com/articles/en/poor-millennials/media/images/boss-battle/battle.gif]
[highline.huffingtonpost.com/articles/en/poor-millennials/media/images/boss-battle/explosion.gif]
[highline.huffingtonpost.com/articles/en/poor-millennials/media/images/boss-battle/beckyfall.gif]
[highline.huffingtonpost.com/articles/en/poor-millennials/media/images/sky-fall/speed-lines-pink.png]
[highline.huffingtonpost.com/articles/en/poor-millennials/media/images/house-chat/sun.gif]
[highline.huffingtonpost.com/articles/en/poor-millennials/media/images/house-chat/house.png]
[highline.huffingtonpost.com/articles/en/poor-millennials/media/images/section4-1.jpg]
[highline.huffingtonpost.com/articles/en/poor-millennials/media/images/section4-1/1.png]
[highline.huffingtonpost.com/articles/en/poor-millennials/media/images/section4-1/2.png]
[highline.huffingtonpost.com/articles/en/poor-millennials/media/images/section4-1/3.png]
[highline.huffingtonpost.com/articles/en/poor-millennials/media/images/section4-1/4.png]
[highline.huffingtonpost.com/articles/en/poor-millennials/media/images/section4-1/5.png]
[highline.huffingtonpost.com/articles/en/poor-millennials/media/images/section4-1/6.png]
[highline.huffingtonpost.com/articles/en/poor-millennials/media/images/section4-1/7.png]
[highline.huffingtonpost.com/articles/en/poor-millennials/media/images/section4-1/8.png]
[highline.huffingtonpost.com/articles/en/poor-millennials/media/images/section4-1/9.png]
[highline.huffingtonpost.com/articles/en/poor-millennials/media/images/animate-line.svg]
[highline.huffingtonpost.com/articles/en/poor-millennials/media/images/animate-foursquares.svg]
[highline.huffingtonpost.com/articles/en/poor-millennials/media/images/animate-fivesquares.svg]
[highline.huffingtonpost.com/articles/en/poor-millennials/media/images/animate-section2-dots.svg]
[highline.huffingtonpost.com/articles/en/poor-millennials/media/images/sprites/game-over.png]
[highline.huffingtonpost.com/articles/en/poor-millennials/media/images/sprites/becky.png]
[highline.huffingtonpost.com/articles/en/poor-millennials/media/images/sprites/granny.png]
[highline.huffingtonpost.com/articles/en/poor-millennials/media/images/sprites/rocket.png]
[highline.huffingtonpost.com/articles/en/poor-millennials/media/images/sprites/rocket-explosion.png]
[highline.huffingtonpost.com/articles/en/poor-millennials/media/images/sprites/laser.png]
[highline.huffingtonpost.com/articles/en/poor-millennials/media/images/sprites/laser-blast.png]
[highline.huffingtonpost.com/articles/en/poor-millennials/media/images/sprites/rocket-blast.png]
[highline.huffingtonpost.com/articles/en/poor-millennials/css/main.css]
[connect.facebook.net/en_US/sdk.js]
[connect.facebook.net/en_US/fbevents.js]
[highline.huffingtonpost.com/articles/en/poor-millennials/media/images/horizontal-scroll/horz-one.svg]
[highline.huffingtonpost.com/articles/en/poor-millennials/media/images/horizontal-scroll/horz-two.svg]
[highline.huffingtonpost.com/articles/en/poor-millennials/media/images/horizontal-scroll/horz-three.svg]
[highline.huffingtonpost.com/articles/en/poor-millennials/media/images/horizontal-scroll/horz-four.svg]
[highline.huffingtonpost.com/articles/en/poor-millennials/media/images/ftw-fallback.svg]
[highline.huffingtonpost.com/articles/en/poor-millennials/media/images/dropcap-w.svg]
[highline.huffingtonpost.com/articles/en/poor-millennials/media/images/stretch-text.svg]
[highline.huffingtonpost.com/articles/en/poor-millennials/media/images/boomer-hours.svg]
[highline.huffingtonpost.com/articles/en/poor-millennials/media/images/millennial-hours.svg]
[highline.huffingtonpost.com/articles/en/poor-millennials/media/images/boomer-roi.svg]
[highline.huffingtonpost.com/articles/en/poor-millennials/media/images/millennial-roi.svg]
[highline.huffingtonpost.com/articles/en/poor-millennials/media/images/section2-skull.svg]
[highline.huffingtonpost.com/articles/en/poor-millennials/media/images/avo-bars.svg]
[highline.huffingtonpost.com/articles/en/poor-millennials/media/images/rip/6.svg]
[highline.huffingtonpost.com/articles/en/poor-millennials/media/images/rip/5.svg]
[highline.huffingtonpost.com/articles/en/poor-millennials/media/images/rip/4.svg]
[highline.huffingtonpost.com/articles/en/poor-millennials/media/images/rip/3.svg]
[highline.huffingtonpost.com/articles/en/poor-millennials/media/images/rip/2.svg]
[highline.huffingtonpost.com/articles/en/poor-millennials/media/images/rip/1.svg]
[highline.huffingtonpost.com/articles/en/poor-millennials/media/images/section-four-stats.svg]
[highline.huffingtonpost.com/articles/en/poor-millennials/media/fonts/huffington-icons.html]
[highline.huffingtonpost.com/articles/en/poor-millennials/media/fonts/huffington-iconsd41d.html]
[highline.huffingtonpost.com/articles/en/poor-millennials/media/fonts/huffington-icons-2.html]
[highline.huffingtonpost.com/articles/en/poor-millennials/media/fonts/huffington-icons-3.html]
[highline.huffingtonpost.com/articles/en/poor-millennials/media/fonts/huffington-icons-4.html]
[highline.huffingtonpost.com/articles/en/poor-millennials/media/fonts/huffington-icons/huffington-icons.html]
[highline.huffingtonpost.com/articles/en/poor-millennials/media/fonts/huffington-icons/huffington-iconsd41d.html]
[highline.huffingtonpost.com/articles/en/poor-millennials/media/fonts/huffington-icons/huffington-icons-2.html]
[highline.huffingtonpost.com/articles/en/poor-millennials/media/fonts/huffington-icons/huffington-icons-3.html]
[highline.huffingtonpost.com/articles/en/poor-millennials/media/fonts/huffington-icons/huffington-icons-4.html]
[highline.huffingtonpost.com/articles/en/poor-millennials/media/fonts/gentium-book-basic/gentium-book-basic-v7-latin-regular.svg]
[highline.huffingtonpost.com/articles/en/poor-millennials/media/fonts/gentium-book-basic/gentium-book-basic-v7-latin-italic.svg]
[highline.huffingtonpost.com/articles/en/poor-millennials/media/fonts/gentium-book-basic/gentium-book-basic-v7-latin-700.svg]
[highline.huffingtonpost.com/articles/en/poor-millennials/media/fonts/gentium-book-basic/gentium-book-basic-v7-latin-700italic.svg]
[highline.huffingtonpost.com/articles/en/poor-millennials/media/fonts/open-sans/open-sans-v13-latin-regular.svg]
[highline.huffingtonpost.com/articles/en/poor-millennials/fonts/open-sans-v13-latin-700.html]
[highline.huffingtonpost.com/articles/en/poor-millennials/media/fonts/open-sans/open-sans-v13-latin-700.svg]
[highline.huffingtonpost.com/articles/en/poor-millennials/media/fonts/droid-sans/droid-sans-v6-latin-700.svg]
[highline.huffingtonpost.com/articles/en/poor-millennials/media/fonts/highline-icons/icomoon1b1a.svg]
[highline.huffingtonpost.com/articles/en/poor-millennials/fonts/simplon-mono-regular.html]
[highline.huffingtonpost.com/articles/en/poor-millennials/media/fonts/simplon-mono/simplon-mono-regular.html]
[highline.huffingtonpost.com/articles/en/poor-millennials/fonts/simplon-mono-bold.html]
[highline.huffingtonpost.com/articles/en/poor-millennials/media/fonts/simplon-mono/simplon-mono-boldd41d.html]
[highline.huffingtonpost.com/articles/en/poor-millennials/media/fonts/simplon-mono/simplon-mono-bold.html]
[highline.huffingtonpost.com/articles/en/poor-millennials/fonts/GT-Walsheim-Regular.html]
[highline.huffingtonpost.com/articles/en/poor-millennials/fonts/GT-Walsheim-Medium.html]
[highline.huffingtonpost.com/articles/en/poor-millennials/fonts/GT-Walsheim-Bold-Oblique.html]
[highline.huffingtonpost.com/articles/en/poor-millennials/fonts/GT-Walsheim-Bold.html]
[highline.huffingtonpost.com/articles/en/poor-millennials/fonts/oswald-v10-latin-300.html]
[highline.huffingtonpost.com/articles/en/poor-millennials/media/fonts/oswald/oswald-v10-latin-300.svg]
[highline.huffingtonpost.com/articles/en/poor-millennials/media/fonts/oswald/oswald-v10-latin-regular.svg]
[highline.huffingtonpost.com/articles/en/poor-millennials/media/fonts/oswald/oswald-v10-latin-700.svg]
[highline.huffingtonpost.com/articles/en/poor-millennials/media/fonts/roboto/roboto-v15-latin-100.svg]
[highline.huffingtonpost.com/articles/en/poor-millennials/media/fonts/roboto/roboto-v15-latin-300.svg]
[highline.huffingtonpost.com/articles/en/poor-millennials/media/fonts/roboto/roboto-v15-latin-regular.svg]
[highline.huffingtonpost.com/articles/en/poor-millennials/fonts/roboto-v15-latin-700.html]
[highline.huffingtonpost.com/articles/en/poor-millennials/media/fonts/roboto/roboto-v15-latin-700.svg]
[highline.huffingtonpost.com/articles/en/poor-millennials/media/images/fence/fence.svg]
[highline.huffingtonpost.com/articles/en/poor-millennials/media/images/horizontal-scroll/particle-1.svg]
[highline.huffingtonpost.com/articles/en/poor-millennials/media/images/horizontal-scroll/particle-5.svg]
[highline.huffingtonpost.com/articles/en/poor-millennials/media/images/horizontal-scroll/particle-6.svg]
[highline.huffingtonpost.com/articles/en/poor-millennials/media/images/horizontal-scroll/particle-2.svg]
[highline.huffingtonpost.com/articles/en/poor-millennials/media/images/horizontal-scroll/particle-3.svg]
[highline.huffingtonpost.com/articles/en/poor-millennials/media/images/horizontal-scroll/particle-4.svg]
[highline.huffingtonpost.com/articles/en/poor-millennials/media/images/house-trap/speckles-grey.svg]
[highline.huffingtonpost.com/articles/en/poor-millennials/media/images/animate-line.svg]
[highline.huffingtonpost.com/articles/en/poor-millennials/media/images/animate-foursquares.svg]
[highline.huffingtonpost.com/articles/en/poor-millennials/media/images/animate-fivesquares.svg]
[highline.huffingtonpost.com/articles/en/poor-millennials/media/images/animate-section2-dots.svg]
[highline.huffingtonpost.com/articles/en/poor-millennials/POST.html]
[highline.huffingtonpost.com/articles/en/poor-millennials/media/images/11.html]
